app/(routes)/(dashboard)/_components/Sidebar.tsx(6,28): error TS2307: Cannot find module '@clerk/nextjs' or its corresponding type declarations.
app/api/admin/ai-doctors/route.ts(3,29): error TS2307: Cannot find module '@clerk/nextjs/server' or its corresponding type declarations.
app/api/admin/sessions/route.ts(3,29): error TS2307: Cannot find module '@clerk/nextjs/server' or its corresponding type declarations.
app/api/admin/users/route.ts(3,29): error TS2307: Cannot find module '@clerk/nextjs/server' or its corresponding type declarations.
scripts/make-admin.ts(20,35): error TS2769: No overload matches this call.
  Overload 1 of 2, '(value: { password: string | SQL<unknown> | Placeholder<string, any>; name: string | SQL<unknown> | Placeholder<string, any>; email: string | SQL<unknown> | Placeholder<...>; ... 5 more ...; imageUrl?: string | ... 3 more ... | undefined; }): PgInsertBase<...>', gave the following error.
    Argument of type '{ email: string; name: string; role: string; }' is not assignable to parameter of type '{ password: string | SQL<unknown> | Placeholder<string, any>; name: string | SQL<unknown> | Placeholder<string, any>; email: string | SQL<unknown> | Placeholder<string, any>; ... 5 more ...; imageUrl?: string | ... 3 more ... | undefined; }'.
      Property 'password' is missing in type '{ email: string; name: string; role: string; }' but required in type '{ password: string | SQL<unknown> | Placeholder<string, any>; name: string | SQL<unknown> | Placeholder<string, any>; email: string | SQL<unknown> | Placeholder<string, any>; ... 5 more ...; imageUrl?: string | ... 3 more ... | undefined; }'.
  Overload 2 of 2, '(values: { password: string | SQL<unknown> | Placeholder<string, any>; name: string | SQL<unknown> | Placeholder<string, any>; email: string | SQL<unknown> | Placeholder<...>; ... 5 more ...; imageUrl?: string | ... 3 more ... | undefined; }[]): PgInsertBase<...>', gave the following error.
    Object literal may only specify known properties, and 'email' does not exist in type '{ password: string | SQL<unknown> | Placeholder<string, any>; name: string | SQL<unknown> | Placeholder<string, any>; email: string | SQL<unknown> | Placeholder<string, any>; ... 5 more ...; imageUrl?: string | ... 3 more ... | undefined; }[]'.
